420
450
4000 1500 600 350 350 350 200 200
4500 4500
4500 1500 3000
