300
1450
4000 1500 600 350 350 350 200 200
10000 3000 1500 4500
