400
7450
10000 4500 3000 1500 600 350
10000 1500 350 350 200 200
