460
3950
4500 4500
4000 3000 600 350
4000 1500 1500 350 350 200
4000 200
